
> setmybizz-project@0.1.0 build
> next build

Γû▓ Next.js 16.1.1 (Turbopack)

  Creating an optimized production build ...
Γ£ô Compiled successfully in 10.3s
  Running TypeScript ...
node.exe : Failed to 
compile.
At line:1 char:1
+ & "C:\Program 
Files\nodejs/node.exe" 
"C:\Program 
Files\nodejs/node_mo ...
+ ~~~~~~~~~~~~~~~~~~~~~~~~~~
~~~~~~~~~~~~~~~~~~~~~~~~~~~~
~~~~~~~~~~~~~~~
    + CategoryInfo          
    : NotSpecified: (Faile  
  d to compile.:String) [   
 ], RemoteException
    + FullyQualifiedErrorId 
    : NativeCommandError
 

.next/dev/types/validator.ts
:98:1
Type error: Cannot find 
name 'xpected'.

[0m [90m  96 |[39m   
type __Unused [33m=[39m 
__Check
 [90m  97 |[39m }
[31m[1m>[22m[39m[90m  
98 |[39m xpected[33m<[39m
[33mSpecific[39m 
[36mextends[39m [33mAppPa
geConfig[39m[33m<[39m[32
m"/incorporation"[39m[33m>
>[39m [33m=[39m 
[33mSpecific[39m
 [90m     |[39m 
[31m[1m^[22m[39m
 [90m  99 |[39m   
[36mconst[39m handler 
[33m=[39m {} [36mas[39m 
[36mtypeof[39m [36mimport
[39m([32m"../../../app/inc
orporation/page.js"[39m)
 [90m 100 |[39m   type 
__Check [33m=[39m __IsExpe
cted[33m<[39m[36mtypeof[
39m handler[33m>[39m
 [90m 101 |[39m   [90m// 
@ts-ignore[39m[0m
Next.js build worker exited 
with code: 1 and signal: 
null
